11:15:09 **** Incremental Build of configuration Debug for project 000TestProject ****
make -j8 all 
arm-none-eabi-gcc "../Src/main.c" -mcpu=cortex-m0plus -std=gnu11 -g3 -DDEBUG -DNUCLEO_C031C6 -DSTM32 -DSTM32C0 -DSTM32C031C6Tx -c -I../Inc -O0 -ffunction-sections -fdata-sections -Wall -fstack-usage -fcyclomatic-complexity -MMD -MP -MF"Src/main.d" -MT"Src/main.o" --specs=nano.specs -mfloat-abi=soft -mthumb -o "Src/main.o"
arm-none-eabi-gcc -o "000TestProject.elf" @"objects.list"   -mcpu=cortex-m0plus -T"C:\Users\zchua\Embedded-C\My_workspace\target\000TestProject\STM32C031C6TX_FLASH.ld" --specs=nosys.specs -Wl,-Map="000TestProject.map" -Wl,--gc-sections -static --specs=nano.specs -mfloat-abi=soft -mthumb -Wl,--start-group -lc -lm -Wl,--end-group
Finished building target: 000TestProject.elf
 
arm-none-eabi-size  000TestProject.elf 
arm-none-eabi-objdump -h -S 000TestProject.elf  > "000TestProject.list"
   text	   data	    bss	    dec	    hex	filename
    448	      0	   1568	   2016	    7e0	000TestProject.elf
Finished building: default.size.stdout
 
Finished building: 000TestProject.list
 

11:15:09 Build Finished. 0 errors, 0 warnings. (took 854ms)

