03:32:48 **** Incremental Build of configuration Debug for project 011KeyPadInterfacing ****
make -j8 all 
arm-none-eabi-gcc "../Src/main.c" -mcpu=cortex-m4 -std=gnu11 -g3 -DDEBUG -DSTM32 -DSTM32F407G_DISC1 -DSTM32F4 -DSTM32F407VGTx -c -I../Inc -O0 -ffunction-sections -fdata-sections -Wall -fstack-usage -fcyclomatic-complexity -MMD -MP -MF"Src/main.d" -MT"Src/main.o" --specs=nano.specs -mfpu=fpv4-sp-d16 -mfloat-abi=hard -mthumb -o "Src/main.o"
arm-none-eabi-gcc -o "011KeyPadInterfacing.elf" @"objects.list"   -mcpu=cortex-m4 -T"C:\Users\zchua\Embedded-C\My_workspace\target\011KeyPadInterfacing\STM32F407VGTX_FLASH.ld" --specs=nosys.specs -Wl,-Map="011KeyPadInterfacing.map" -Wl,--gc-sections -static --specs=nano.specs -mfpu=fpv4-sp-d16 -mfloat-abi=hard -mthumb -Wl,--start-group -lc -lm -Wl,--end-group
Finished building target: 011KeyPadInterfacing.elf
 
arm-none-eabi-size  011KeyPadInterfacing.elf 
arm-none-eabi-objdump -h -S 011KeyPadInterfacing.elf  > "011KeyPadInterfacing.list"
   text	   data	    bss	    dec	    hex	filename
   4288	     92	   1900	   6280	   1888	011KeyPadInterfacing.elf
Finished building: default.size.stdout
 
Finished building: 011KeyPadInterfacing.list
 
03:33:04 **** Incremental Build of configuration Debug for project 011KeyPadInterfacing ****
make -j8 all 
arm-none-eabi-size  011KeyPadInterfacing.elf 
   text	   data	    bss	    dec	    hex	filename
   4288	     92	   1900	   6280	   1888	011KeyPadInterfacing.elf
Finished building: default.size.stdout
 
